
63. Printing statistics.

=== systolic_array ===

   Number of wires:              13552
   Number of wire bits:          14125
   Number of public wires:         294
   Number of public wire bits:     867
   Number of memories:               0
   Number of memory bits:            0
   Number of processes:              0
   Number of cells:              14058
     sky130_fd_sc_hd__a2111oi_2      1
     sky130_fd_sc_hd__a211o_2       60
     sky130_fd_sc_hd__a211oi_2      93
     sky130_fd_sc_hd__a21bo_2       42
     sky130_fd_sc_hd__a21boi_2      82
     sky130_fd_sc_hd__a21o_2       418
     sky130_fd_sc_hd__a21oi_2      994
     sky130_fd_sc_hd__a221o_2       20
     sky130_fd_sc_hd__a221oi_2      21
     sky130_fd_sc_hd__a22o_2       274
     sky130_fd_sc_hd__a22oi_2      383
     sky130_fd_sc_hd__a2bb2o_2      58
     sky130_fd_sc_hd__a2bb2oi_2     75
     sky130_fd_sc_hd__a311o_2       10
     sky130_fd_sc_hd__a311oi_2      46
     sky130_fd_sc_hd__a31o_2       251
     sky130_fd_sc_hd__a31oi_2      132
     sky130_fd_sc_hd__a32o_2        75
     sky130_fd_sc_hd__a32oi_2       25
     sky130_fd_sc_hd__a41o_2       104
     sky130_fd_sc_hd__a41oi_2       56
     sky130_fd_sc_hd__and2_2       341
     sky130_fd_sc_hd__and2b_2       12
     sky130_fd_sc_hd__and3_2       480
     sky130_fd_sc_hd__and3b_2       11
     sky130_fd_sc_hd__and4_2       382
     sky130_fd_sc_hd__and4b_2        5
     sky130_fd_sc_hd__and4bb_2       2
     sky130_fd_sc_hd__buf_1       1918
     sky130_fd_sc_hd__buf_2          1
     sky130_fd_sc_hd__dfxtp_2      800
     sky130_fd_sc_hd__inv_2        337
     sky130_fd_sc_hd__mux2_2        22
     sky130_fd_sc_hd__nand2_2     1095
     sky130_fd_sc_hd__nand3_2      614
     sky130_fd_sc_hd__nand3b_2      41
     sky130_fd_sc_hd__nand4_2      442
     sky130_fd_sc_hd__nand4b_2      58
     sky130_fd_sc_hd__nor2_2       374
     sky130_fd_sc_hd__nor3_2        64
     sky130_fd_sc_hd__nor3b_2       34
     sky130_fd_sc_hd__nor4_2         3
     sky130_fd_sc_hd__nor4b_2        1
     sky130_fd_sc_hd__o2111a_2      30
     sky130_fd_sc_hd__o2111ai_2     94
     sky130_fd_sc_hd__o211a_2      568
     sky130_fd_sc_hd__o211ai_2     442
     sky130_fd_sc_hd__o21a_2       253
     sky130_fd_sc_hd__o21ai_2      777
     sky130_fd_sc_hd__o21ba_2       24
     sky130_fd_sc_hd__o21bai_2     158
     sky130_fd_sc_hd__o221a_2       74
     sky130_fd_sc_hd__o221ai_2     112
     sky130_fd_sc_hd__o22a_2        77
     sky130_fd_sc_hd__o22ai_2      271
     sky130_fd_sc_hd__o2bb2a_2      62
     sky130_fd_sc_hd__o2bb2ai_2    183
     sky130_fd_sc_hd__o311a_2       32
     sky130_fd_sc_hd__o311ai_2       5
     sky130_fd_sc_hd__o31a_2        60
     sky130_fd_sc_hd__o31ai_2       31
     sky130_fd_sc_hd__o32a_2        16
     sky130_fd_sc_hd__o32ai_2       14
     sky130_fd_sc_hd__o41a_2         2
     sky130_fd_sc_hd__o41ai_2        5
     sky130_fd_sc_hd__or2_2        252
     sky130_fd_sc_hd__or2b_2        31
     sky130_fd_sc_hd__or3_2         75
     sky130_fd_sc_hd__or3b_2        55
     sky130_fd_sc_hd__or4_2          7
     sky130_fd_sc_hd__or4bb_2        3
     sky130_fd_sc_hd__xnor2_2       53
     sky130_fd_sc_hd__xor2_2        35

   Chip area for module '\systolic_array': 133197.747200

