
===========================================================================
 report_power
============================================================================
======================= Fastest Corner ===================================

Group                  Internal  Switching    Leakage      Total
                          Power      Power      Power      Power (Watts)
----------------------------------------------------------------
Sequential             4.03e-03   1.72e-03   1.55e-08   5.74e-03  30.7%
Combinational          5.39e-03   7.60e-03   1.76e-07   1.30e-02  69.3%
Macro                  0.00e+00   0.00e+00   0.00e+00   0.00e+00   0.0%
Pad                    0.00e+00   0.00e+00   0.00e+00   0.00e+00   0.0%
----------------------------------------------------------------
Total                  9.42e-03   9.32e-03   1.91e-07   1.87e-02 100.0%
                          50.3%      49.7%       0.0%

======================= Slowest Corner ===================================

Group                  Internal  Switching    Leakage      Total
                          Power      Power      Power      Power (Watts)
----------------------------------------------------------------
Sequential             2.72e-03   1.16e-03   1.26e-05   3.89e-03  30.1%
Combinational          3.94e-03   5.06e-03   6.43e-05   9.06e-03  69.9%
Macro                  0.00e+00   0.00e+00   0.00e+00   0.00e+00   0.0%
Pad                    0.00e+00   0.00e+00   0.00e+00   0.00e+00   0.0%
----------------------------------------------------------------
Total                  6.66e-03   6.22e-03   7.69e-05   1.30e-02 100.0%
                          51.4%      48.0%       0.6%

======================= Typical Corner ===================================

Group                  Internal  Switching    Leakage      Total
                          Power      Power      Power      Power (Watts)
----------------------------------------------------------------
Sequential             3.47e-03   1.47e-03   6.87e-09   4.94e-03  30.4%
Combinational          4.85e-03   6.44e-03   7.83e-08   1.13e-02  69.6%
Macro                  0.00e+00   0.00e+00   0.00e+00   0.00e+00   0.0%
Pad                    0.00e+00   0.00e+00   0.00e+00   0.00e+00   0.0%
----------------------------------------------------------------
Total                  8.32e-03   7.91e-03   8.51e-08   1.62e-02 100.0%
                          51.3%      48.7%       0.0%

