
===========================================================================
 report_power
============================================================================
======================= Fastest Corner ===================================

Group                  Internal  Switching    Leakage      Total
                          Power      Power      Power      Power (Watts)
----------------------------------------------------------------
Sequential             4.03e-03   1.47e-03   1.55e-08   5.50e-03  30.8%
Combinational          5.38e-03   6.96e-03   1.76e-07   1.23e-02  69.2%
Macro                  0.00e+00   0.00e+00   0.00e+00   0.00e+00   0.0%
Pad                    0.00e+00   0.00e+00   0.00e+00   0.00e+00   0.0%
----------------------------------------------------------------
Total                  9.41e-03   8.43e-03   1.91e-07   1.78e-02 100.0%
                          52.8%      47.2%       0.0%

======================= Slowest Corner ===================================

Group                  Internal  Switching    Leakage      Total
                          Power      Power      Power      Power (Watts)
----------------------------------------------------------------
Sequential             2.72e-03   9.96e-04   1.26e-05   3.73e-03  30.2%
Combinational          3.93e-03   4.63e-03   6.43e-05   8.62e-03  69.8%
Macro                  0.00e+00   0.00e+00   0.00e+00   0.00e+00   0.0%
Pad                    0.00e+00   0.00e+00   0.00e+00   0.00e+00   0.0%
----------------------------------------------------------------
Total                  6.66e-03   5.62e-03   7.69e-05   1.24e-02 100.0%
                          53.9%      45.5%       0.6%

======================= Typical Corner ===================================

Group                  Internal  Switching    Leakage      Total
                          Power      Power      Power      Power (Watts)
----------------------------------------------------------------
Sequential             3.48e-03   1.26e-03   6.87e-09   4.73e-03  30.6%
Combinational          4.84e-03   5.89e-03   7.83e-08   1.07e-02  69.4%
Macro                  0.00e+00   0.00e+00   0.00e+00   0.00e+00   0.0%
Pad                    0.00e+00   0.00e+00   0.00e+00   0.00e+00   0.0%
----------------------------------------------------------------
Total                  8.32e-03   7.15e-03   8.51e-08   1.55e-02 100.0%
                          53.8%      46.2%       0.0%

