CVC: Log output to /home/khush/systolic-array-accelerator/openlane/systolic_array/runs/third_run/reports/signoff/systolic_array.rpt
CVC: Error output to /home/khush/systolic-array-accelerator/openlane/systolic_array/runs/third_run/reports/signoff/systolic_array.rpt.error.gz
CVC: Debug output to /home/khush/systolic-array-accelerator/openlane/systolic_array/runs/third_run/reports/signoff/systolic_array.rpt.debug.gz
CVC: Circuit Validation Check  Version 1.1.4
CVC: Start: Wed Jun  3 12:01:17 2026

Using the following parameters for CVC (Circuit Validation Check) from /usr/local/share/pdk/sky130A/libs.tech/openlane/cvc/cvcrc
CVC_TOP = 'systolic_array'
CVC_NETLIST = '/home/khush/systolic-array-accelerator/openlane/systolic_array/runs/third_run/tmp/signoff/systolic_array.cdl'
CVC_MODE = 'systolic_array'
CVC_MODEL_FILE = '/usr/local/share/pdk/sky130A/libs.tech/openlane/cvc/models'
CVC_POWER_FILE = '/home/khush/systolic-array-accelerator/openlane/systolic_array/runs/third_run/tmp/signoff/systolic_array.power'
CVC_FUSE_FILE = ''
CVC_REPORT_FILE = '/home/khush/systolic-array-accelerator/openlane/systolic_array/runs/third_run/reports/signoff/systolic_array.rpt'
CVC_REPORT_TITLE = 'CVC $CVC_TOP'
CVC_CIRCUIT_ERROR_LIMIT = '100'
CVC_SEARCH_LIMIT = '100'
CVC_LEAK_LIMIT = '0.0002'
CVC_SOI = 'false'
CVC_SCRC = 'false'
CVC_VTH_GATES = 'false'
CVC_MIN_VTH_GATES = 'false'
CVC_IGNORE_VTH_FLOATING = 'false'
CVC_IGNORE_NO_LEAK_FLOATING = 'false'
CVC_LEAK_OVERVOLTAGE = 'true'
CVC_LOGIC_DIODES = 'false'
CVC_ANALOG_GATES = 'true'
CVC_BACKUP_RESULTS = 'false'
CVC_MOS_DIODE_ERROR_THRESHOLD = '0'
CVC_SHORT_ERROR_THRESHOLD = '0'
CVC_BIAS_ERROR_THRESHOLD = '0'
CVC_FORWARD_ERROR_THRESHOLD = '0'
CVC_FLOATING_ERROR_THRESHOLD = '0'
CVC_GATE_ERROR_THRESHOLD = '0'
CVC_LEAK?_ERROR_THRESHOLD = '0'
CVC_EXPECTED_ERROR_THRESHOLD = '0'
CVC_OVERVOLTAGE_ERROR_THRESHOLD = '0'
CVC_PARALLEL_CIRCUIT_PORT_LIMIT = '0'
CVC_CELL_ERROR_LIMIT_FILE = ''
CVC_CELL_CHECKSUM_FILE = ''
CVC_LARGE_CIRCUIT_SIZE = '10000000'
CVC_NET_CHECK_FILE = ''
CVC_MODEL_CHECK_FILE = ''
End of parameters

CVC: Reading device model settings...
CVC: Reading power settings...
CVC: Parsing netlist /home/khush/systolic-array-accelerator/openlane/systolic_array/runs/third_run/tmp/signoff/systolic_array.cdl
Cdl fixed data size 843751
Usage CDL: Time: 0  Memory: 82516  I/O: 4328  Swap: 0
CVC: Counting and linking...
