
===========================================================================
 report_power
============================================================================
======================= Fastest Corner ===================================

Group                  Internal  Switching    Leakage      Total
                          Power      Power      Power      Power (Watts)
----------------------------------------------------------------
Sequential             4.03e-03   1.60e-03   1.55e-08   5.63e-03  30.8%
Combinational          5.39e-03   7.28e-03   1.76e-07   1.27e-02  69.2%
Macro                  0.00e+00   0.00e+00   0.00e+00   0.00e+00   0.0%
Pad                    0.00e+00   0.00e+00   0.00e+00   0.00e+00   0.0%
----------------------------------------------------------------
Total                  9.41e-03   8.89e-03   1.91e-07   1.83e-02 100.0%
                          51.4%      48.6%       0.0%

======================= Slowest Corner ===================================

Group                  Internal  Switching    Leakage      Total
                          Power      Power      Power      Power (Watts)
----------------------------------------------------------------
Sequential             2.72e-03   1.09e-03   1.26e-05   3.82e-03  30.2%
Combinational          3.93e-03   4.85e-03   6.43e-05   8.85e-03  69.8%
Macro                  0.00e+00   0.00e+00   0.00e+00   0.00e+00   0.0%
Pad                    0.00e+00   0.00e+00   0.00e+00   0.00e+00   0.0%
----------------------------------------------------------------
Total                  6.66e-03   5.93e-03   7.69e-05   1.27e-02 100.0%
                          52.6%      46.8%       0.6%

======================= Typical Corner ===================================

Group                  Internal  Switching    Leakage      Total
                          Power      Power      Power      Power (Watts)
----------------------------------------------------------------
Sequential             3.47e-03   1.37e-03   6.87e-09   4.84e-03  30.5%
Combinational          4.85e-03   6.17e-03   7.83e-08   1.10e-02  69.5%
Macro                  0.00e+00   0.00e+00   0.00e+00   0.00e+00   0.0%
Pad                    0.00e+00   0.00e+00   0.00e+00   0.00e+00   0.0%
----------------------------------------------------------------
Total                  8.32e-03   7.54e-03   8.51e-08   1.59e-02 100.0%
                          52.5%      47.5%       0.0%

